version: (200506)

available memory: 64M bytes
used memory: 237568 bytes [need 232K bytes if disable swap]

used block: 8 [memory(8) file(0)]
                 [ 8K(5) 64K(3) { total 232K bytes } ]
overhead: (9523) bytes for (8) blocks [Average: (1190) bytes/block]

write  => 0(times) 0K(bytes) [0K bytes to file]
read   => 3(times) 114K(bytes) [22K bytes compressed data from file]
access => 89492(times) 711M(bytes)
          [hit ratio: 99.9966%]

time: write(0) read(0)  unit: second

swap file directory: (/home/jami3jun/vortex4dice/verdiLog)
used swap file number: (5)



swap file manager:
arrSize: (256)
idxCnt: (6)
closeHead: (1)
closeTail: (5)
openCnt: (4)
fid(5): fd(1073741826) fileName(/home/jami3jun/vortex4dice/dice_new/tb/cgra_core/dice_core/build/simv.daidir/kdb.elab++/work.lib++/dispatcher_refactored.sv.tdc)
	size(18972) lastModTime(1772063944) curModTime(1772063944)
	mode(rb)	hot(0) cool(4) pos(0)
fid(4): fd(1073741825) fileName(/home/jami3jun/vortex4dice/dice_new/tb/cgra_core/dice_core/build/simv.daidir/kdb.elab++/work.lib++/dice_core.sv.tdc)
	size(9246) lastModTime(1772063944) curModTime(1772063944)
	mode(rb)	hot(5) cool(2) pos(0)
fid(3): fd(0) fileName(/home/jami3jun/vortex4dice/dice_new/tb/cgra_core/dice_core/build/simv.daidir/kdb.elab++/work.lib++/reg_wr_buffer.sv.tdc)
	size(6556) lastModTime(1772063944) curModTime(1772063944)
	mode(rb)	hot(0) cool(0) pos(0)
fid(2): fd(33) fileName(/home/jami3jun/vortex4dice/verdiLog/_swap_0001#-300781726#2524400)
	size(0) lastModTime(0) curModTime(1772082775)
	mode(w+b)	hot(4) cool(1) pos(0)
fid(1): fd(1073741824) fileName(/home/jami3jun/vortex4dice/dice_new/tb/cgra_core/dice_core/build/simv.daidir/kdb.elab++/work.lib++/tb_dice_core.sv.tdc)
	size(8439) lastModTime(1772063944) curModTime(1772063944)
	mode(rb)	hot(2) cool(0) pos(0)
fid(0): fd(0) fileName(NULL)
	mode(NULL)	hot(0) cool(0) pos(0)
==================================================
mySelf(0x23e0fb10) pre(0x21dd7080) next((nil))
version(200506)
date(May 31 2025 20:21:53)
